{
  "Errors": [],
  "Messages": [],
  "Warnings": [],
  "AssemblyPath": "\fodytemp\DummyAssembly.dll",
  "FullName": "DummyAssembly, Version=0.0.0.0, Culture=neutral, PublicKeyToken=null"
}