{
  "Errors": [],
  "Messages": [],
  "Warnings": [],
  "AssemblyPath": "\fodytemp\NewName.dll",
  "FullName": "NewName, Version=0.0.0.0, Culture=neutral, PublicKeyToken=null"
}